// Jest Snapshot v1, https://goo.gl/fbAQLP

exports[`<InputText /> should match snapshot 1`] = `
<div>
  <input
    class="input-text"
    placeholder="type you search"
    type="search"
    value=""
  />
</div>
`;
